#-----------------------------------------------------------
# Vivado v2022.1 (64-bit)
# SW Build 3526262 on Mon Apr 18 15:48:16 MDT 2022
# IP Build 3524634 on Mon Apr 18 20:55:01 MDT 2022
# Start of session at: Tue Dec  6 14:08:41 2022
# Process ID: 10692
# Current directory: C:/Users/ksp5368/Documents/CMPEN331/Project_5
# Command line: vivado.exe -gui_launcher_event rodinguilauncherevent10512 C:\Users\ksp5368\Documents\CMPEN331\Project_5\Project_5.xpr
# Log file: C:/Users/ksp5368/Documents/CMPEN331/Project_5/vivado.log
# Journal file: C:/Users/ksp5368/Documents/CMPEN331/Project_5\vivado.jou
# Running On: E5-CSE-136-26, OS: Windows, CPU Frequency: 2904 MHz, CPU Physical cores: 8, Host memory: 16888 MB
#-----------------------------------------------------------
start_gui
open_project C:/Users/ksp5368/Documents/CMPEN331/Project_5/Project_5.xpr
update_compile_order -fileset sources_1
file mkdir C:/Users/ksp5368/Documents/CMPEN331/Project_5/Project_5.srcs/sim_1/new
set_property SOURCE_SET sources_1 [get_filesets sim_1]
close [ open C:/Users/ksp5368/Documents/CMPEN331/Project_5/Project_5.srcs/sim_1/new/testbench.v w ]
add_files -fileset sim_1 C:/Users/ksp5368/Documents/CMPEN331/Project_5/Project_5.srcs/sim_1/new/testbench.v
update_compile_order -fileset sim_1
# Disabling source management mode.  This is to allow the top design properties to be set without GUI intervention.
set_property source_mgmt_mode None [current_project]
set_property top testbench [get_filesets sim_1]
set_property top_lib xil_defaultlib [get_filesets sim_1]
# Re-enabling previously disabled source management mode.
set_property source_mgmt_mode All [current_project]
update_compile_order -fileset sim_1
update_compile_order -fileset sources_1
update_compile_order -fileset sources_1
launch_simulation
source testbench.tcl
close_sim
launch_simulation
launch_simulation
